============================= test session starts =============================
platform win32 -- Python 3.14.2, pytest-9.0.2, pluggy-1.6.0
rootdir: C:\Projects\__CSPM
configfile: pytest.ini
plugins: anyio-4.13.0
collected 413 items / 11 deselected / 402 selected

tests\backend\test_app_controller_recovery_integration.py ....           [  0%]
tests\backend\test_app_controller_save_slots.py ...........              [  3%]
tests\backend\test_app_icon_identity.py .....                            [  4%]
tests\backend\test_cspm_recovery_durable.py ...........F...........F     [ 10%]
tests\backend\test_data_routing_guards.py ...                            [ 11%]
tests\backend\test_financial_dashboard_report.py .                       [ 11%]
tests\backend\test_omni_search.py ......                                 [ 13%]
tests\backend\test_path_consistency.py ....                              [ 14%]
tests\backend\test_payment_entry.py ..                                   [ 14%]
tests\domain\test_client_validation.py ......                            [ 16%]
tests\domain\test_matter_validation.py ....                              [ 17%]
tests\domain\test_money.py ....................                          [ 22%]
tests\domain\test_tax_rules.py ........                                  [ 24%]
tests\domain\test_time_rounding.py ...............                       [ 28%]
tests\installer\test_git_policy.py .......                               [ 29%]
tests\installer\test_installer_static.py .............                   [ 33%]
tests\installer\test_offline_harness_guards.py ....                      [ 34%]
tests\installer\test_release_confidentiality.py ..                       [ 34%]
tests\prototypes\test_sqlite_isolation.py .....                          [ 35%]
tests\repositories\test_deadline.py ....                                 [ 36%]
tests\repositories\test_excel_repo.py .................                  [ 41%]
tests\repositories\test_excel_repo_import_batch.py ..                    [ 41%]
tests\repositories\test_excel_repo_schema_repair.py ..                   [ 42%]
tests\repositories\test_global_search.py ...                             [ 42%]
tests\repositories\test_practice_briefing_rules.py ..                    [ 43%]
tests\repositories\test_trademark_registry_links.py ....                 [ 44%]
tests\services\test_dockets_import_service.py ............               [ 47%]
tests\services\test_professional_client_loopback_host.py .........       [ 49%]
tests\services\test_professional_client_service.py .....                 [ 50%]
tests\services\test_project_snapshot_service.py ........                 [ 52%]
tests\services\test_report_pdf_exporter.py ..                            [ 53%]
tests\services\test_workbook_integrity_service.py ....                   [ 54%]
tests\test_ap_adaptive_composition.py .                                  [ 54%]
tests\test_ap_busy_form_fit.py ...                                       [ 55%]
tests\test_ap_c18_polished_ui.py .                                       [ 55%]
tests\test_ap_controller_integration.py F.F.                             [ 56%]
tests\test_ap_explicit_bridge.py .                                       [ 56%]
tests\test_ap_jellycalendar_anchor_monitor.py ...                        [ 57%]
tests\test_ap_lifecycle.py .........                                     [ 59%]
tests\test_ap_lifecycle_repair.py sssF...                                [ 61%]
tests\test_ap_logical_center_escape.py ..                                [ 61%]
tests\test_ap_orchestration_service.py ...FFF...                         [ 64%]
tests\test_ap_schema_contract.py F.                                      [ 64%]
tests\test_ap_view_only_rebuild.py .                                     [ 64%]
tests\test_ap_workbook_repository.py .....                               [ 66%]
tests\ui\test_backup_recovery_dialog_smoke.py .                          [ 66%]
tests\ui\test_qml_monitor_and_startup_contracts.py .........             [ 68%]
tests\ui\test_qmllint_wrapper_contracts.py .                             [ 68%]
tests\ui\test_quality_bootstrap_contracts.py .s...........               [ 72%]
tests\ui\test_settings_precedence.py .
